python : 2026-01-30 15:36:30,102 - src.data_loader - INFO - Initialized DataLoader with root: data
At line:1 char:1
+ python test_quick.py 2>&1 | Tee-Object -FilePath test_output.txt
+ ~~~~~~~~~~~~~~~~~~~~~~~~~
    + CategoryInfo          : NotSpecified: (2026-01-30 15:3...with root: data:String) [], RemoteExcep 
   tion
    + FullyQualifiedErrorId : NativeCommandError
 
2026-01-30 15:36:30,102 - src.preprocessing - INFO - Initialized Preprocessor with 5 min time slices
2026-01-30 15:36:30,102 - src.features - INFO - Initialized FeatureEngineer
2026-01-30 15:36:30,110 - src.context_engine - INFO - Initialized ContextEngine with 10 clusters, 16 
embedding dim
2026-01-30 15:36:30,110 - src.training - INFO - Initialized ModelTrainer with output_dir=experiments
2026-01-30 15:36:30,110 - src.evaluation - INFO - Initialized Evaluator with output_dir=experiments
2026-01-30 15:36:30,110 - run - INFO - CloudFailurePredictor initialized
2026-01-30 15:36:30,110 - run - INFO - Starting Cloud Failure Prediction Pipeline
2026-01-30 15:36:30,110 - run - INFO - Configuration: "<src.utils.Config object at 0x000001EBA2666A90>"
2026-01-30 15:36:30,110 - run - INFO - ============================================================
2026-01-30 15:36:30,110 - run - INFO - STEP 1: Loading Data
2026-01-30 15:36:30,110 - run - INFO - ============================================================
2026-01-30 15:36:30,110 - run - INFO - Loading data from data\raw\cluster_data.csv
2026-01-30 15:36:30,110 - src.data_loader - INFO - Loading task data from data\raw\cluster_data.csv
2026-01-30 15:36:30,696 - src.data_loader - INFO - Loaded 100000 task records
2026-01-30 15:36:30,720 - src.data_loader - INFO - Data validation passed
2026-01-30 15:36:30,728 - run - INFO - Data summary: {
  "n_records": 100000,
  "n_tasks": 100,
  "n_jobs": 10,
  "time_range": [
    "0",
    "999"
  ],
  "failure_rate": 0.04982,
  "feature_dtypes": {
    "time": "int64",
    "task_id": "int64",
    "job_id": "int64",
    "cpu_usage": "float64",
    "memory_usage": "float64",
    "disk_io": "float64",
    "network_io": "float64",
    "priority": "int64",
    "scheduling_class": "int64",
    "cell": "int64",
    "hour_of_week": "int64",
    "event_type": "object",
    "is_failure": "int64"
  }
}
2026-01-30 15:36:30,728 - run - INFO - ============================================================
2026-01-30 15:36:30,736 - run - INFO - STEP 2: Preprocessing Data
2026-01-30 15:36:30,736 - run - INFO - ============================================================
2026-01-30 15:36:30,736 - src.preprocessing - INFO - Starting preprocessing pipeline...
2026-01-30 15:36:30,736 - src.preprocessing - INFO - Creating time slices...
2026-01-30 15:36:30,896 - src.preprocessing - INFO - Created 20000 time-sliced records
2026-01-30 15:36:30,896 - src.preprocessing - INFO - New columns: ['time_slice', 'task_id', 'job_id', 
'cpu_usage_mean', 'cpu_usage_max', 'cpu_usage_min', 'cpu_usage_std', 'memory_usage_mean', 
'memory_usage_max', 'memory_usage_min', 'memory_usage_std', 'disk_io_mean', 'disk_io_max', 
'network_io_mean', 'network_io_max', 'priority_first', 'scheduling_class_first', 'cell_first', 
'hour_of_week_first', 'is_failure']
2026-01-30 15:36:30,904 - src.preprocessing - INFO - Handling missing values with strategy: 
forward_fill
C:\Users\ABC\Downloads\project_ai\src\preprocessing.py:92: FutureWarning: DataFrame.fillna with 
'method' is deprecated and will raise in a future version. Use obj.ffill() or obj.bfill() instead.
  df = df.fillna(method="ffill")
C:\Users\ABC\Downloads\project_ai\src\preprocessing.py:93: FutureWarning: DataFrame.fillna with 
'method' is deprecated and will raise in a future version. Use obj.ffill() or obj.bfill() instead.
  df = df.fillna(method="bfill")
2026-01-30 15:36:30,936 - src.preprocessing - INFO - Remaining null values: 0
2026-01-30 15:36:30,936 - src.preprocessing - INFO - Splitting data: test_ratio=0.2, val_ratio=0.1
2026-01-30 15:36:30,952 - src.preprocessing - INFO - Train: 14000, Val: 4000, Test: 2000
2026-01-30 15:36:30,952 - src.preprocessing - INFO - Train failure rate: 0.2275
2026-01-30 15:36:30,952 - src.preprocessing - INFO - Val failure rate: 0.2245
2026-01-30 15:36:30,952 - src.preprocessing - INFO - Test failure rate: 0.2040
2026-01-30 15:36:30,960 - src.preprocessing - INFO - Normalizing features...
2026-01-30 15:36:31,008 - src.preprocessing - INFO - Normalized 19 features
2026-01-30 15:36:31,104 - src.preprocessing - INFO - Preprocessing pipeline completed
2026-01-30 15:36:31,112 - run - INFO - ============================================================
2026-01-30 15:36:31,112 - run - INFO - STEP 3: Generating Context Features
2026-01-30 15:36:31,112 - run - INFO - ============================================================
2026-01-30 15:36:31,120 - src.context_engine - INFO - Generating all inferred context features...
2026-01-30 15:36:31,136 - src.context_engine - INFO - Inferring task behavior patterns...
2026-01-30 15:36:34,272 - src.context_engine - INFO - Assigned 10 clusters to tasks
2026-01-30 15:36:34,272 - src.context_engine - INFO - Cluster distribution:
0    2549
1    2851
2    2639
3    2135
4    1765
5    1291
6    2179
7    1395
8    1828
9    1368
Name: count, dtype: int64
2026-01-30 15:36:34,280 - src.context_engine - INFO - Computing temporal context features...
2026-01-30 15:36:34,280 - src.context_engine - INFO - Added temporal context features
2026-01-30 15:36:34,280 - src.context_engine - INFO - Computing resource context features...
2026-01-30 15:36:34,296 - src.context_engine - INFO - Added resource context features
2026-01-30 15:36:34,296 - src.context_engine - INFO - Computing task history context with 
window_size=5...
2026-01-30 15:36:34,440 - src.context_engine - INFO - Added task history context features
2026-01-30 15:36:34,448 - src.context_engine - INFO - Inferring job-level context...
2026-01-30 15:36:34,472 - src.context_engine - INFO - Added job-level context features
2026-01-30 15:36:34,472 - src.context_engine - INFO - Generated context features. New shape: (20000, 
31)
2026-01-30 15:36:34,512 - run - INFO - Generated 20000 context features
2026-01-30 15:36:34,512 - run - INFO - Context columns: ['time_slice', 'task_id', 'job_id', 
'cpu_usage_mean', 'cpu_usage_max', 'cpu_usage_min', 'cpu_usage_std', 'memory_usage_mean', 
'memory_usage_max', 'memory_usage_min', 'memory_usage_std', 'disk_io_mean', 'disk_io_max', 
'network_io_mean', 'network_io_max', 'priority_first', 'scheduling_class_first', 'cell_first', 
'hour_of_week_first', 'is_failure', 'task_pattern_cluster', 'cpu_utilization_high', 
'cpu_utilization_low', 'memory_utilization_high', 'memory_utilization_low', 'recent_failures', 
'task_age', 'job_size', 'job_failure_rate', 'job_avg_cpu', 'job_avg_memory']
2026-01-30 15:36:34,512 - run - INFO - ============================================================
2026-01-30 15:36:34,512 - run - INFO - STEP 4: Engineering Features
2026-01-30 15:36:34,512 - run - INFO - ============================================================
2026-01-30 15:36:34,512 - run - INFO - Extracting KPI features (Feature Set 1)...
2026-01-30 15:36:34,512 - src.features - INFO - Extracting KPI features...
2026-01-30 15:36:34,520 - src.features - INFO - Extracted 18 KPI features: ['cpu_usage_mean', 
'cpu_usage_max', 'cpu_usage_min', 'cpu_usage_std', 'cpu_utilization_high', 'cpu_utilization_low', 
'job_avg_cpu', 'memory_usage_mean', 'memory_usage_max', 'memory_usage_min', 'memory_usage_std', 
'memory_utilization_high', 'memory_utilization_low', 'job_avg_memory', 'disk_io_mean', 'disk_io_max', 
'network_io_mean', 'network_io_max']
2026-01-30 15:36:34,520 - src.features - INFO - Extracting KPI features...
2026-01-30 15:36:34,528 - src.features - INFO - Extracted 18 KPI features: ['cpu_usage_mean', 
'cpu_usage_max', 'cpu_usage_min', 'cpu_usage_std', 'cpu_utilization_high', 'cpu_utilization_low', 
'job_avg_cpu', 'memory_usage_mean', 'memory_usage_max', 'memory_usage_min', 'memory_usage_std', 
'memory_utilization_high', 'memory_utilization_low', 'job_avg_memory', 'disk_io_mean', 'disk_io_max', 
'network_io_mean', 'network_io_max']
2026-01-30 15:36:34,528 - src.features - INFO - Extracting KPI features...
2026-01-30 15:36:34,528 - src.features - INFO - Extracted 18 KPI features: ['cpu_usage_mean', 
'cpu_usage_max', 'cpu_usage_min', 'cpu_usage_std', 'cpu_utilization_high', 'cpu_utilization_low', 
'job_avg_cpu', 'memory_usage_mean', 'memory_usage_max', 'memory_usage_min', 'memory_usage_std', 
'memory_utilization_high', 'memory_utilization_low', 'job_avg_memory', 'disk_io_mean', 'disk_io_max', 
'network_io_mean', 'network_io_max']
2026-01-30 15:36:34,544 - run - INFO - Extracting context features (Feature Set 2)...
2026-01-30 15:36:34,544 - src.features - INFO - Extracting context features...
2026-01-30 15:36:34,552 - src.features - INFO - Extracted 0 context features: []
2026-01-30 15:36:34,552 - src.features - INFO - Extracting context features...
2026-01-30 15:36:34,560 - src.features - INFO - Extracted 0 context features: []
2026-01-30 15:36:34,560 - src.features - INFO - Extracting context features...
2026-01-30 15:36:34,568 - src.features - INFO - Extracted 0 context features: []
2026-01-30 15:36:34,584 - run - INFO - Creating interaction features (Feature Set 3)...
2026-01-30 15:36:34,616 - run - INFO - ============================================================
2026-01-30 15:36:34,616 - run - INFO - STEP 5: Training Models
2026-01-30 15:36:34,616 - run - INFO - ============================================================
2026-01-30 15:36:34,616 - run - INFO - 
Training on feature set: kpi_only
2026-01-30 15:36:34,624 - run - INFO -   Training LightGBM on kpi_only...
2026-01-30 15:36:34,624 - src.training - INFO - Training LightGBM model: lgbm_kpi_only
2026-01-30 15:36:34,632 - src.models - INFO - Initialized LightGBMModel with params: {'objective': 
'binary', 'metric': 'auc', 'learning_rate': 0.05, 'num_leaves': 31, 'n_estimators': 100, 
'random_state': 42}
2026-01-30 15:36:34,632 - src.models - INFO - Training LightGBM model on 14000 samples
C:\Users\ABC\AppData\Local\Programs\Python\Python311\Lib\site-packages\lightgbm\engine.py:172: 
UserWarning: Found `n_estimators` in params. Will use it instead of argument
  _log_warning(f"Found `{alias}` in params. Will use it instead of argument")
2026-01-30 15:36:36,368 - src.models - INFO - LightGBM training completed
2026-01-30 15:36:36,368 - src.training - INFO - LightGBM model lgbm_kpi_only trained successfully
2026-01-30 15:36:36,368 - run - INFO -   Training MLP on kpi_only...
2026-01-30 15:36:36,376 - src.training - INFO - Training MLP model: mlp_kpi_only
2026-01-30 15:36:36,384 - src.models - INFO - Initialized MLPModel with input_dim=18, 
hidden_dims=[128, 64, 32]
2026-01-30 15:36:36,384 - src.models - INFO - Training MLPModel for 5 epochs, batch_size=128
Starting test with small dataset...
